Rebuild target 'Target 1'
assembling STARTUP_M5.A51...
compiling sys.c...
compiling gpio.c...
compiling uart.c...
compiling timer.c...
compiling modbus.c...
compiling i2c.c...
compiling TA_protocal.c...
compiling main.c...
compiling rtc.c...
compiling boot_handoff.c...
compiling v851_protocol.c...
compiling v851_control_info.c...
compiling v851_tlv_app.c...
compiling v851_wifi.c...
compiling t5l_stc.c...
linking...
Program Size: data=28.0 xdata=13982 const=329 code=44116
creating hex file from ".\Objects\T5L51"...
User command #1: 1.bat

D:\Template4T5L\project>cd objects 

D:\Template4T5L\project\Objects>srec_cat.exe T5L51.hex -Intel -o T5L51.bin -Binary  

D:\Template4T5L\project\Objects>echo.

".\Objects\T5L51" - 0 Error(s), 0 Warning(s).
Build Time Elapsed:  00:00:02
